     VMA      LMA     Size Align Out     In      Symbol
       0        0 80200000     1 . = 0x80200000
80200000 80200000       4c     2 .text
80200000 80200000        e     2         /var/folders/ld/x3ntbd5x0fn1653qnpmkyf080000gn/T/kernel-b52340.o:(.text.boot)
80200000 80200000        0     1                 
80200000 80200000        0     1                 
80200000 80200000        0     1                 
80200000 80200000        e     1                 boot
8020000e 8020000e        0     1                 
8020000e 8020000e        0     1                 
8020000e 8020000e       3e     2         /var/folders/ld/x3ntbd5x0fn1653qnpmkyf080000gn/T/kernel-b52340.o:(.text)
8020000e 8020000e        0     1                 
8020000e 8020000e        0     1                 
8020000e 8020000e        0     1                 
8020000e 8020000e       14     1                 memset
80200010 80200010        0     1                 
80200012 80200012        0     1                 
80200012 80200012        0     1                 .LBB0_2
80200012 80200012        0     1                 
80200014 80200014        0     1                 
80200018 80200018        0     1                 
80200018 80200018        0     1                 
8020001c 8020001c        0     1                 
8020001c 8020001c        0     1                 
8020001e 8020001e        0     1                 
8020001e 8020001e        0     1                 
80200020 80200020        0     1                 .LBB0_3
80200020 80200020        0     1                 
80200020 80200020        0     1                 
80200022 80200022        0     1                 
80200022 80200022        0     1                 
80200022 80200022        0     1                 
80200022 80200022        0     1                 
80200022 80200022        0     1                 
80200022 80200022       2a     1                 kernel_main
8020002a 8020002a        0     1                 
80200036 80200036        0     1                 
80200038 80200038        0     1                 
8020003c 8020003c        0     1                 
8020003c 8020003c        0     1                 .LBB1_2
8020003c 8020003c        0     1                 
80200040 80200040        0     1                 
80200040 80200040        0     1                 
80200042 80200042        0     1                 
80200046 80200046        0     1                 
80200046 80200046        0     1                 
80200048 80200048        0     1                 
80200048 80200048        0     1                 
8020004a 8020004a        0     1                 .LBB1_3
8020004a 8020004a        0     1                 
8020004a 8020004a        0     1                 
8020004c 8020004c        0     1                 
8020004c 8020004c        0     1                 
8020004c 8020004c        0     4 .bss
8020004c 8020004c        0     1         __bss = .
8020004c 8020004c        0     1         __bss_end = .
8020004c 8020004c        0     1 . = ALIGN ( 4 )
8020004c 8020004c    20000     1 . += 128 * 1024
8022004c 8022004c        0     1 __stack_top = .
       0        0       e7     1 .debug_loc
       0        0       e7     1         /var/folders/ld/x3ntbd5x0fn1653qnpmkyf080000gn/T/kernel-b52340.o:(.debug_loc)
       0        0        0     1                 
      3c       3c        0     1                 
      71       71        0     1                 
      a2       a2        0     1                 
      bd       bd        0     1                 
       0        0       da     1 .debug_abbrev
       0        0       da     1         /var/folders/ld/x3ntbd5x0fn1653qnpmkyf080000gn/T/kernel-b52340.o:(.debug_abbrev)
       0        0      121     1 .debug_info
       0        0      121     1         /var/folders/ld/x3ntbd5x0fn1653qnpmkyf080000gn/T/kernel-b52340.o:(.debug_info)
       0        0       18     1 .debug_ranges
       0        0       18     1         /var/folders/ld/x3ntbd5x0fn1653qnpmkyf080000gn/T/kernel-b52340.o:(.debug_ranges)
       0        0        0     1                 
       0        0       ab     1 .debug_str
       0        0       ab     1         <internal>:(.debug_str)
       0        0       3b     1 .comment
       0        0       3b     1         <internal>:(.comment)
       0        0       2b     1 .riscv.attributes
       0        0       2b     1         <internal>:(.riscv.attributes)
       0        0       44     4 .debug_frame
       0        0       44     4         /var/folders/ld/x3ntbd5x0fn1653qnpmkyf080000gn/T/kernel-b52340.o:(.debug_frame)
       0        0        0     1                 
       0        0       c3     1 .debug_line
       0        0       c3     1         /var/folders/ld/x3ntbd5x0fn1653qnpmkyf080000gn/T/kernel-b52340.o:(.debug_line)
       0        0        0     1                 .Lline_table_start0
       0        0      480     4 .symtab
       0        0      480     4         <internal>:(.symtab)
       0        0       98     1 .shstrtab
       0        0       98     1         <internal>:(.shstrtab)
       0        0       3e     1 .strtab
       0        0       3e     1         <internal>:(.strtab)
