     VMA      LMA     Size Align Out     In      Symbol
       0        0 80200000     1 . = 0x80200000
80200000 80200000      1fe     2 .text
80200000 80200000       5e     2         /var/folders/ld/x3ntbd5x0fn1653qnpmkyf080000gn/T/kernel-aafc0f.o:(.text)
80200000 80200000        0     1                 
80200000 80200000        0     1                 
80200000 80200000        0     1                 
80200000 80200000        6     1                 sbi_call
80200004 80200004        0     1                 
80200006 80200006        0     1                 
80200006 80200006        0     1                 
80200006 80200006        0     1                 
80200006 80200006       14     1                 putchar
80200018 80200018        0     1                 
80200018 80200018        0     1                 
8020001a 8020001a        0     1                 
8020001a 8020001a        0     1                 
8020001a 8020001a        0     1                 
8020001a 8020001a       14     1                 memset
8020001c 8020001c        0     1                 
8020001e 8020001e        0     1                 
8020001e 8020001e        0     1                 .LBB2_2
8020001e 8020001e        0     1                 
80200020 80200020        0     1                 
80200024 80200024        0     1                 
80200024 80200024        0     1                 
80200028 80200028        0     1                 
80200028 80200028        0     1                 
8020002a 8020002a        0     1                 
8020002a 8020002a        0     1                 
8020002c 8020002c        0     1                 .LBB2_3
8020002c 8020002c        0     1                 
8020002c 8020002c        0     1                 
8020002e 8020002e        0     1                 
8020002e 8020002e        0     1                 
8020002e 8020002e        0     1                 
8020002e 8020002e        0     1                 
8020002e 8020002e        0     1                 
8020002e 8020002e       30     1                 kernel_main
80200030 80200030        0     1                 
80200044 80200044        0     1                 
80200044 80200044        0     1                 
80200058 80200058        0     1                 
80200058 80200058        0     1                 .LBB3_1
80200058 80200058        0     1                 
8020005c 8020005c        0     1                 
8020005e 8020005e        0     1                 
8020005e 8020005e        0     1                 
8020005e 8020005e      1a0     2         /var/folders/ld/x3ntbd5x0fn1653qnpmkyf080000gn/T/common-f50aac.o:(.text)
8020005e 8020005e        0     1                 
8020005e 8020005e        0     1                 
8020005e 8020005e        0     1                 
8020005e 8020005e      1a0     1                 printf
8020008c 8020008c        0     1                 
802000b4 802000b4        0     1                 .LBB0_1
802000b4 802000b4        0     1                 
802000b8 802000b8        0     1                 .LBB0_2
802000b8 802000b8        0     1                 
802000ba 802000ba        0     1                 .LBB0_3
802000ba 802000ba        0     1                 
802000be 802000be        0     1                 
802000c6 802000c6        0     1                 .LBB0_5
802000c6 802000c6        0     1                 
802000c8 802000c8        0     1                 
802000c8 802000c8        0     1                 
802000ca 802000ca        0     1                 
802000cc 802000cc        0     1                 .LBB0_6
802000cc 802000cc        0     1                 
802000d0 802000d0        0     1                 
802000d2 802000d2        0     1                 
802000e2 802000e2        0     1                 
802000e2 802000e2        0     1                 
802000ee 802000ee        0     1                 
802000ee 802000ee        0     1                 
802000f2 802000f2        0     1                 
802000f2 802000f2        0     1                 
802000f4 802000f4        0     1                 
802000f8 802000f8        0     1                 
802000fa 802000fa        0     1                 
802000fa 802000fa        0     1                 .LBB0_12
802000fa 802000fa        0     1                 
802000fe 802000fe        0     1                 
80200102 80200102        0     1                 
80200108 80200108        0     1                 .LBB0_13
80200108 80200108        0     1                 
80200108 80200108        0     1                 
80200110 80200110        0     1                 
80200110 80200110        0     1                 
8020011a 8020011a        0     1                 
8020011a 8020011a        0     1                 
8020011e 8020011e        0     1                 
8020011e 8020011e        0     1                 
80200120 80200120        0     1                 
80200124 80200124        0     1                 
80200126 80200126        0     1                 
80200126 80200126        0     1                 
8020012c 8020012c        0     1                 
8020012c 8020012c        0     1                 
8020012e 8020012e        0     1                 
80200132 80200132        0     1                 
80200134 80200134        0     1                 
80200134 80200134        0     1                 
8020013a 8020013a        0     1                 
8020013a 8020013a        0     1                 
8020013c 8020013c        0     1                 
80200140 80200140        0     1                 
80200142 80200142        0     1                 
80200142 80200142        0     1                 
80200148 80200148        0     1                 
80200148 80200148        0     1                 
8020014a 8020014a        0     1                 
8020014e 8020014e        0     1                 
80200150 80200150        0     1                 
80200150 80200150        0     1                 
80200156 80200156        0     1                 
80200156 80200156        0     1                 
80200158 80200158        0     1                 
8020015c 8020015c        0     1                 
8020015e 8020015e        0     1                 
8020015e 8020015e        0     1                 
80200164 80200164        0     1                 
80200164 80200164        0     1                 
80200166 80200166        0     1                 
8020016a 8020016a        0     1                 
8020016c 8020016c        0     1                 
8020016c 8020016c        0     1                 
80200172 80200172        0     1                 
80200172 80200172        0     1                 
80200174 80200174        0     1                 
80200178 80200178        0     1                 
8020017a 8020017a        0     1                 
8020017a 8020017a        0     1                 
8020017c 8020017c        0     1                 
8020017c 8020017c        0     1                 
8020017e 8020017e        0     1                 
80200182 80200182        0     1                 
80200182 80200182        0     1                 
80200184 80200184        0     1                 
80200184 80200184        0     1                 
80200186 80200186        0     1                 
80200188 80200188        0     1                 .LBB0_16
80200188 80200188        0     1                 
80200188 80200188        0     1                 
80200192 80200192        0     1                 
80200192 80200192        0     1                 
80200196 80200196        0     1                 
8020019c 8020019c        0     1                 
8020019c 8020019c        0     1                 .LBB0_18
8020019c 8020019c        0     1                 
802001a2 802001a2        0     1                 
802001a2 802001a2        0     1                 
802001a6 802001a6        0     1                 
802001a8 802001a8        0     1                 
802001ac 802001ac        0     1                 .LBB0_19
802001ac 802001ac        0     1                 
802001ac 802001ac        0     1                 
802001b2 802001b2        0     1                 
802001b2 802001b2        0     1                 
802001b4 802001b4        0     1                 
802001b6 802001b6        0     1                 .LBB0_20
802001b8 802001b8        0     1                 
802001bc 802001bc        0     1                 
802001c0 802001c0        0     1                 
802001c6 802001c6        0     1                 
802001c6 802001c6        0     1                 
802001d4 802001d4        0     1                 
802001d4 802001d4        0     1                 
802001da 802001da        0     1                 .LBB0_21
802001da 802001da        0     1                 
802001da 802001da        0     1                 
802001e0 802001e0        0     1                 .LBB0_22
802001e0 802001e0        0     1                 
802001e0 802001e0        0     1                 
802001e4 802001e4        0     1                 
802001fa 802001fa        0     1                 
802001fe 802001fe        0     1                 
802001fe 802001fe        0     1                 
802001fe 802001fe        e     2 ,text.boot
802001fe 802001fe        e     2         /var/folders/ld/x3ntbd5x0fn1653qnpmkyf080000gn/T/kernel-aafc0f.o:(,text.boot)
802001fe 802001fe        0     1                 
802001fe 802001fe        0     1                 
802001fe 802001fe        0     1                 
802001fe 802001fe        e     1                 boot
8020020c 8020020c        0     1                 
8020020c 8020020c        0     1                 
8020020c 8020020c       34     4 .rodata
8020020c 8020020c       34     1         <internal>:(.rodata.str1.1)
80200240 80200240        0     4 .bss
80200240 80200240        0     1         __bss = .
80200240 80200240        0     1         __bss_end = .
80200240 80200240        0     1 . = ALIGN ( 4 )
80200240 80200240    20000     1 . += 128 * 1024
80220240 80220240        0     1 __stack_top = .
       0        0      277     1 .debug_loc
       0        0       df     1         /var/folders/ld/x3ntbd5x0fn1653qnpmkyf080000gn/T/kernel-aafc0f.o:(.debug_loc)
       0        0        0     1                 
      1b       1b        0     1                 
      36       36        0     1                 
      51       51        0     1                 
      6e       6e        0     1                 
      aa       aa        0     1                 
      df       df      198     1         /var/folders/ld/x3ntbd5x0fn1653qnpmkyf080000gn/T/common-f50aac.o:(.debug_loc)
      df       df        0     1                 
      fd       fd        0     1                 
     126      126        0     1                 
     15c      15c        0     1                 
     1d9      1d9        0     1                 
     1ec      1ec        0     1                 
     24c      24c        0     1                 
       0        0      293     1 .debug_abbrev
       0        0      1a6     1         /var/folders/ld/x3ntbd5x0fn1653qnpmkyf080000gn/T/kernel-aafc0f.o:(.debug_abbrev)
     1a6      1a6       ed     1         /var/folders/ld/x3ntbd5x0fn1653qnpmkyf080000gn/T/common-f50aac.o:(.debug_abbrev)
       0        0      4fe     1 .debug_info
       0        0      350     1         /var/folders/ld/x3ntbd5x0fn1653qnpmkyf080000gn/T/kernel-aafc0f.o:(.debug_info)
     350      350      1ae     1         /var/folders/ld/x3ntbd5x0fn1653qnpmkyf080000gn/T/common-f50aac.o:(.debug_info)
       0        0       30     1 .debug_ranges
       0        0       18     1         /var/folders/ld/x3ntbd5x0fn1653qnpmkyf080000gn/T/kernel-aafc0f.o:(.debug_ranges)
       0        0        0     1                 
      18       18       18     1         /var/folders/ld/x3ntbd5x0fn1653qnpmkyf080000gn/T/common-f50aac.o:(.debug_ranges)
      18       18        0     1                 
       0        0      170     1 .debug_str
       0        0      170     1         <internal>:(.debug_str)
       0        0       3b     1 .comment
       0        0       3b     1         <internal>:(.comment)
       0        0       2b     1 .riscv.attributes
       0        0       2b     1         <internal>:(.riscv.attributes)
       0        0       b0     4 .debug_frame
       0        0       6c     4         /var/folders/ld/x3ntbd5x0fn1653qnpmkyf080000gn/T/kernel-aafc0f.o:(.debug_frame)
       0        0        0     1                 
      6c       6c       44     4         /var/folders/ld/x3ntbd5x0fn1653qnpmkyf080000gn/T/common-f50aac.o:(.debug_frame)
      6c       6c        0     1                 
       0        0      326     1 .debug_line
       0        0       e9     1         /var/folders/ld/x3ntbd5x0fn1653qnpmkyf080000gn/T/kernel-aafc0f.o:(.debug_line)
       0        0        0     1                 .Lline_table_start0
      e9       e9      23d     1         /var/folders/ld/x3ntbd5x0fn1653qnpmkyf080000gn/T/common-f50aac.o:(.debug_line)
      e9       e9        0     1                 .Lline_table_start0
       0        0      f30     4 .symtab
       0        0      f30     4         <internal>:(.symtab)
       0        0       ab     1 .shstrtab
       0        0       ab     1         <internal>:(.shstrtab)
       0        0       5f     1 .strtab
       0        0       5f     1         <internal>:(.strtab)
